// Jest Snapshot v1, https://goo.gl/fbAQLP

exports[`StockSearch Should match the snapshot 1`] = `
<form>
  <div
    className="flexContainer"
  >
    <div
      className="searchContainer"
    >
      <div
        className="inputContainer"
      >
        <label
          className="tickerLabel"
        >
          Ticker
        </label>
        <input
          className="searchBar"
          onChange={[Function]}
          type="text"
          value=""
        />
        <button
          className="tickerButtonDisabled"
          disabled={true}
          onClick={[Function]}
          type="submit"
        >
          Submit
        </button>
      </div>
      <div
        className="searchResults"
      />
    </div>
    <div
      className="featureContainer"
    >
      <div
        className="similarStockFlag"
      >
        Show Similar Stocks
        <input
          checked={true}
          onChange={[Function]}
          type="checkbox"
        />
      </div>
      <button
        className="newTableButton"
        onClick={[Function]}
        type="submit"
      >
        Create New Table
      </button>
    </div>
  </div>
</form>
`;
